
> archlink@0.1.0 build
> next build

  Ôû▓ Next.js 14.2.3
  - Environments: .env.local, .env

   Creating an optimized production build ...
 Ô£ô Compiled successfully
   Linting and checking validity of types ...
   Collecting page data ...
   Generating static pages (0/36) ...
   Generating static pages (9/36) 
   Generating static pages (18/36) 
   Generating static pages (27/36) 
node.exe :  Ô¿» useSearchParams() should be wrapped in a suspense boundary at page "/signup". Read more: 
https://nextjs.org/docs/messages/missing-suspense-with-csr-bailout
At line:1 char:1
+ & "C:\Program Files\nodejs/node.exe" "C:\Program Files\nodejs/node_mo ...
+ ~~~~~~~~~~~~~~~~~~~~~~~~~~~~~~~~~~~~~~~~~~~~~~~~~~~~~~~~~~~~~~~~~~~~~
    + CategoryInfo          : NotSpecified: ( Ô¿» useSearchP...ith-csr-bailout:String) [], RemoteException
    + FullyQualifiedErrorId : NativeCommandError
 
    at a (C:\Users\hp\archlink\archlink\.next\server\chunks\8466.js:1:31170)
    at c (C:\Users\hp\archlink\archlink\.next\server\chunks\8466.js:1:42167)
    at h (C:\Users\hp\archlink\archlink\.next\server\app\(auth)\signup\page.js:1:2803)
    at nj (C:\Users\hp\archlink\archlink\node_modules\next\dist\compiled\next-server\app-page.runtime.prod.js:12:46251)
    at nM (C:\Users\hp\archlink\archlink\node_modules\next\dist\compiled\next-server\app-page.runtime.prod.js:12:47571)
    at nN (C:\Users\hp\archlink\archlink\node_modules\next\dist\compiled\next-server\app-page.runtime.prod.js:12:64546)
    at nI (C:\Users\hp\archlink\archlink\node_modules\next\dist\compiled\next-server\app-page.runtime.prod.js:12:47010)
    at nM (C:\Users\hp\archlink\archlink\node_modules\next\dist\compiled\next-server\app-page.runtime.prod.js:12:47717)
    at nM (C:\Users\hp\archlink\archlink\node_modules\next\dist\compiled\next-server\app-page.runtime.prod.js:12:61546)
    at nN (C:\Users\hp\archlink\archlink\node_modules\next\dist\compiled\next-server\app-page.runtime.prod.js:12:64546)

Error occurred prerendering page "/signup". Read more: https://nextjs.org/docs/messages/prerender-error

 Ô¿» useSearchParams() should be wrapped in a suspense boundary at page "/messages". Read more: 
https://nextjs.org/docs/messages/missing-suspense-with-csr-bailout
    at a (C:\Users\hp\archlink\archlink\.next\server\chunks\8466.js:1:31170)
    at c (C:\Users\hp\archlink\archlink\.next\server\chunks\8466.js:1:42167)
    at v (C:\Users\hp\archlink\archlink\.next\server\app\messages\page.js:1:4440)
    at nj (C:\Users\hp\archlink\archlink\node_modules\next\dist\compiled\next-server\app-page.runtime.prod.js:12:46251)
    at nM (C:\Users\hp\archlink\archlink\node_modules\next\dist\compiled\next-server\app-page.runtime.prod.js:12:47571)
    at nN (C:\Users\hp\archlink\archlink\node_modules\next\dist\compiled\next-server\app-page.runtime.prod.js:12:64546)
    at nI (C:\Users\hp\archlink\archlink\node_modules\next\dist\compiled\next-server\app-page.runtime.prod.js:12:47010)
    at nM (C:\Users\hp\archlink\archlink\node_modules\next\dist\compiled\next-server\app-page.runtime.prod.js:12:47717)
    at nM (C:\Users\hp\archlink\archlink\node_modules\next\dist\compiled\next-server\app-page.runtime.prod.js:12:61546)
    at nN (C:\Users\hp\archlink\archlink\node_modules\next\dist\compiled\next-server\app-page.runtime.prod.js:12:64546)

Error occurred prerendering page "/messages". Read more: https://nextjs.org/docs/messages/prerender-error

prisma:query DELETE FROM "public"."Notification" WHERE "public"."Notification"."type" = $1
 Ô£ô Generating static pages (36/36)

> Export encountered errors on following paths:
	/(auth)/signup/page: /signup
	/messages/page: /messages
